this is a log file..bal